// Jest Snapshot v1, https://goo.gl/fbAQLP

exports[`render user shallow correctly 1`] = `
<div
  className="User"
>
  <h2>
    Alice
  </h2>
  <p>
    Lorem ipsum dolor sit amet, consectetur adipiscing elit. Donec ligula arcu, mollis at consectetur sit amet, porta gravida ligula. Aenean pellentesque lobortis urna.
  </p>
  <Button />
</div>
`;
